namespace EasyNetQ.Logging.Serilog
{
    public class SerilogLoggerAdapter : EasyNetQ.Logging.ILogger
    {
        public SerilogLoggerAdapter(Serilog.ILogger logger) { }
        public bool Log(EasyNetQ.Logging.LogLevel logLevel, System.Func<string> messageFunc, System.Exception exception = null, params object[] formatParameters) { }
    }
    public class SerilogLoggerAdapter<TCategory> : EasyNetQ.Logging.Serilog.SerilogLoggerAdapter, EasyNetQ.Logging.ILogger, EasyNetQ.Logging.ILogger<TCategory>
    {
        public SerilogLoggerAdapter(Serilog.ILogger logger) { }
    }
}
namespace EasyNetQ
{
    public static class ServiceRegisterExtensions
    {
        public static EasyNetQ.DI.IServiceRegister EnableSerilogLogging(this EasyNetQ.DI.IServiceRegister serviceRegister) { }
    }
}